{
    "pod5_resume": {
        "content": [
            [
                "versions.yml:md5,ec84467cd957788bd357bfb86e31b871"
            ]
        ],
        "meta": {
            "nf-test": "0.9.0",
            "nextflow": "24.04.4"
        },
        "timestamp": "2024-09-05T14:31:07.830017"
    },
    "pod5": {
        "content": [
            [
                "versions.yml:md5,ec84467cd957788bd357bfb86e31b871"
            ]
        ],
        "meta": {
            "nf-test": "0.9.0",
            "nextflow": "24.04.4"
        },
        "timestamp": "2024-09-05T14:30:23.221196"
    },
    "pod5_bckit": {
        "content": [
            [
                "versions.yml:md5,ec84467cd957788bd357bfb86e31b871"
            ]
        ],
        "meta": {
            "nf-test": "0.9.0",
            "nextflow": "24.04.4"
        },
        "timestamp": "2024-09-05T14:30:45.450504"
    }
}